Archive member included to satisfy reference by file (symbol)

c:/st/stm32cubeide_1.8.0/stm32cubeide/plugins/com.st.stm32cube.ide.mcu.externaltools.gnu-tools-for-stm32.10.3-2021.10.win32_1.0.0.202111181127/tools/bin/../lib/gcc/arm-none-eabi/10.3.1/../../../../arm-none-eabi/lib/thumb/v7e-m+fp/hard\libc_nano.a(lib_a-errno.o)
                              ./Core/Src/syscalls.o (__errno)
c:/st/stm32cubeide_1.8.0/stm32cubeide/plugins/com.st.stm32cube.ide.mcu.externaltools.gnu-tools-for-stm32.10.3-2021.10.win32_1.0.0.202111181127/tools/bin/../lib/gcc/arm-none-eabi/10.3.1/../../../../arm-none-eabi/lib/thumb/v7e-m+fp/hard\libc_nano.a(lib_a-exit.o)
                              c:/st/stm32cubeide_1.8.0/stm32cubeide/plugins/com.st.stm32cube.ide.mcu.externaltools.gnu-tools-for-stm32.10.3-2021.10.win32_1.0.0.202111181127/tools/bin/../lib/gcc/arm-none-eabi/10.3.1/../../../../arm-none-eabi/lib/thumb/v7e-m+fp/hard/crt0.o (exit)
c:/st/stm32cubeide_1.8.0/stm32cubeide/plugins/com.st.stm32cube.ide.mcu.externaltools.gnu-tools-for-stm32.10.3-2021.10.win32_1.0.0.202111181127/tools/bin/../lib/gcc/arm-none-eabi/10.3.1/../../../../arm-none-eabi/lib/thumb/v7e-m+fp/hard\libc_nano.a(lib_a-impure.o)
                              c:/st/stm32cubeide_1.8.0/stm32cubeide/plugins/com.st.stm32cube.ide.mcu.externaltools.gnu-tools-for-stm32.10.3-2021.10.win32_1.0.0.202111181127/tools/bin/../lib/gcc/arm-none-eabi/10.3.1/../../../../arm-none-eabi/lib/thumb/v7e-m+fp/hard\libc_nano.a(lib_a-exit.o) (_global_impure_ptr)
c:/st/stm32cubeide_1.8.0/stm32cubeide/plugins/com.st.stm32cube.ide.mcu.externaltools.gnu-tools-for-stm32.10.3-2021.10.win32_1.0.0.202111181127/tools/bin/../lib/gcc/arm-none-eabi/10.3.1/../../../../arm-none-eabi/lib/thumb/v7e-m+fp/hard\libc_nano.a(lib_a-init.o)
                              c:/st/stm32cubeide_1.8.0/stm32cubeide/plugins/com.st.stm32cube.ide.mcu.externaltools.gnu-tools-for-stm32.10.3-2021.10.win32_1.0.0.202111181127/tools/bin/../lib/gcc/arm-none-eabi/10.3.1/../../../../arm-none-eabi/lib/thumb/v7e-m+fp/hard/crt0.o (__libc_init_array)
c:/st/stm32cubeide_1.8.0/stm32cubeide/plugins/com.st.stm32cube.ide.mcu.externaltools.gnu-tools-for-stm32.10.3-2021.10.win32_1.0.0.202111181127/tools/bin/../lib/gcc/arm-none-eabi/10.3.1/../../../../arm-none-eabi/lib/thumb/v7e-m+fp/hard\libc_nano.a(lib_a-memset.o)
                              c:/st/stm32cubeide_1.8.0/stm32cubeide/plugins/com.st.stm32cube.ide.mcu.externaltools.gnu-tools-for-stm32.10.3-2021.10.win32_1.0.0.202111181127/tools/bin/../lib/gcc/arm-none-eabi/10.3.1/../../../../arm-none-eabi/lib/thumb/v7e-m+fp/hard/crt0.o (memset)

Discarded input sections

 .text          0x0000000000000000        0x0 c:/st/stm32cubeide_1.8.0/stm32cubeide/plugins/com.st.stm32cube.ide.mcu.externaltools.gnu-tools-for-stm32.10.3-2021.10.win32_1.0.0.202111181127/tools/bin/../lib/gcc/arm-none-eabi/10.3.1/thumb/v7e-m+fp/hard/crti.o
 .data          0x0000000000000000        0x0 c:/st/stm32cubeide_1.8.0/stm32cubeide/plugins/com.st.stm32cube.ide.mcu.externaltools.gnu-tools-for-stm32.10.3-2021.10.win32_1.0.0.202111181127/tools/bin/../lib/gcc/arm-none-eabi/10.3.1/thumb/v7e-m+fp/hard/crti.o
 .bss           0x0000000000000000        0x0 c:/st/stm32cubeide_1.8.0/stm32cubeide/plugins/com.st.stm32cube.ide.mcu.externaltools.gnu-tools-for-stm32.10.3-2021.10.win32_1.0.0.202111181127/tools/bin/../lib/gcc/arm-none-eabi/10.3.1/thumb/v7e-m+fp/hard/crti.o
 .data          0x0000000000000000        0x4 c:/st/stm32cubeide_1.8.0/stm32cubeide/plugins/com.st.stm32cube.ide.mcu.externaltools.gnu-tools-for-stm32.10.3-2021.10.win32_1.0.0.202111181127/tools/bin/../lib/gcc/arm-none-eabi/10.3.1/thumb/v7e-m+fp/hard/crtbegin.o
 .rodata        0x0000000000000000       0x24 c:/st/stm32cubeide_1.8.0/stm32cubeide/plugins/com.st.stm32cube.ide.mcu.externaltools.gnu-tools-for-stm32.10.3-2021.10.win32_1.0.0.202111181127/tools/bin/../lib/gcc/arm-none-eabi/10.3.1/thumb/v7e-m+fp/hard/crtbegin.o
 .text          0x0000000000000000       0x7c c:/st/stm32cubeide_1.8.0/stm32cubeide/plugins/com.st.stm32cube.ide.mcu.externaltools.gnu-tools-for-stm32.10.3-2021.10.win32_1.0.0.202111181127/tools/bin/../lib/gcc/arm-none-eabi/10.3.1/../../../../arm-none-eabi/lib/thumb/v7e-m+fp/hard/crt0.o
 .data          0x0000000000000000        0x0 c:/st/stm32cubeide_1.8.0/stm32cubeide/plugins/com.st.stm32cube.ide.mcu.externaltools.gnu-tools-for-stm32.10.3-2021.10.win32_1.0.0.202111181127/tools/bin/../lib/gcc/arm-none-eabi/10.3.1/../../../../arm-none-eabi/lib/thumb/v7e-m+fp/hard/crt0.o
 .bss           0x0000000000000000        0x0 c:/st/stm32cubeide_1.8.0/stm32cubeide/plugins/com.st.stm32cube.ide.mcu.externaltools.gnu-tools-for-stm32.10.3-2021.10.win32_1.0.0.202111181127/tools/bin/../lib/gcc/arm-none-eabi/10.3.1/../../../../arm-none-eabi/lib/thumb/v7e-m+fp/hard/crt0.o
[...]
Memory Configuration

Name             Origin             Length             Attributes
RAM              0x0000000020000000 0x0000000000004000 xrw
FLASH            0x0000000008000000 0x0000000000010000 xr
*default*        0x0000000000000000 0xffffffffffffffff

Linker script and memory map

LOAD c:/st/stm32cubeide_1.8.0/stm32cubeide/plugins/com.st.stm32cube.ide.mcu.externaltools.gnu-tools-for-stm32.10.3-2021.10.win32_1.0.0.202111181127/tools/bin/../lib/gcc/arm-none-eabi/10.3.1/thumb/v7e-m+fp/hard/crti.o
LOAD c:/st/stm32cubeide_1.8.0/stm32cubeide/plugins/com.st.stm32cube.ide.mcu.externaltools.gnu-tools-for-stm32.10.3-2021.10.win32_1.0.0.202111181127/tools/bin/../lib/gcc/arm-none-eabi/10.3.1/thumb/v7e-m+fp/hard/crtbegin.o
LOAD c:/st/stm32cubeide_1.8.0/stm32cubeide/plugins/com.st.stm32cube.ide.mcu.externaltools.gnu-tools-for-stm32.10.3-2021.10.win32_1.0.0.202111181127/tools/bin/../lib/gcc/arm-none-eabi/10.3.1/../../../../arm-none-eabi/lib/thumb/v7e-m+fp/hard/crt0.o
LOAD ./Core/Src/NRF24L01+.o
LOAD ./Core/Src/main.o
LOAD ./Core/Src/stm32f3xx_hal_msp.o
LOAD ./Core/Src/stm32f3xx_it.o
LOAD ./Core/Src/syscalls.o
LOAD ./Core/Src/sysmem.o
LOAD ./Core/Src/system_stm32f3xx.o
LOAD ./Core/Startup/startup_stm32f301c8tx.o
LOAD ./Drivers/STM32F3xx_HAL_Driver/Src/stm32f3xx_hal.o
LOAD ./Drivers/STM32F3xx_HAL_Driver/Src/stm32f3xx_hal_adc.o
LOAD ./Drivers/STM32F3xx_HAL_Driver/Src/stm32f3xx_hal_adc_ex.o
LOAD ./Drivers/STM32F3xx_HAL_Driver/Src/stm32f3xx_hal_cortex.o
LOAD ./Drivers/STM32F3xx_HAL_Driver/Src/stm32f3xx_hal_dma.o
LOAD ./Drivers/STM32F3xx_HAL_Driver/Src/stm32f3xx_hal_exti.o
LOAD ./Drivers/STM32F3xx_HAL_Driver/Src/stm32f3xx_hal_flash.o
LOAD ./Drivers/STM32F3xx_HAL_Driver/Src/stm32f3xx_hal_flash_ex.o
LOAD ./Drivers/STM32F3xx_HAL_Driver/Src/stm32f3xx_hal_gpio.o
LOAD ./Drivers/STM32F3xx_HAL_Driver/Src/stm32f3xx_hal_i2c.o
LOAD ./Drivers/STM32F3xx_HAL_Driver/Src/stm32f3xx_hal_i2c_ex.o
LOAD ./Drivers/STM32F3xx_HAL_Driver/Src/stm32f3xx_hal_pwr.o
LOAD ./Drivers/STM32F3xx_HAL_Driver/Src/stm32f3xx_hal_pwr_ex.o
LOAD ./Drivers/STM32F3xx_HAL_Driver/Src/stm32f3xx_hal_rcc.o
LOAD ./Drivers/STM32F3xx_HAL_Driver/Src/stm32f3xx_hal_rcc_ex.o
LOAD ./Drivers/STM32F3xx_HAL_Driver/Src/stm32f3xx_hal_spi.o
LOAD ./Drivers/STM32F3xx_HAL_Driver/Src/stm32f3xx_hal_spi_ex.o
LOAD ./Drivers/STM32F3xx_HAL_Driver/Src/stm32f3xx_hal_tim.o
LOAD ./Drivers/STM32F3xx_HAL_Driver/Src/stm32f3xx_hal_tim_ex.o
START GROUP
LOAD c:/st/stm32cubeide_1.8.0/stm32cubeide/plugins/com.st.stm32cube.ide.mcu.externaltools.gnu-tools-for-stm32.10.3-2021.10.win32_1.0.0.202111181127/tools/bin/../lib/gcc/arm-none-eabi/10.3.1/../../../../arm-none-eabi/lib/thumb/v7e-m+fp/hard\libc_nano.a
LOAD c:/st/stm32cubeide_1.8.0/stm32cubeide/plugins/com.st.stm32cube.ide.mcu.externaltools.gnu-tools-for-stm32.10.3-2021.10.win32_1.0.0.202111181127/tools/bin/../lib/gcc/arm-none-eabi/10.3.1/../../../../arm-none-eabi/lib/thumb/v7e-m+fp/hard\libm.a
END GROUP
START GROUP
LOAD c:/st/stm32cubeide_1.8.0/stm32cubeide/plugins/com.st.stm32cube.ide.mcu.externaltools.gnu-tools-for-stm32.10.3-2021.10.win32_1.0.0.202111181127/tools/bin/../lib/gcc/arm-none-eabi/10.3.1/thumb/v7e-m+fp/hard\libgcc.a
LOAD c:/st/stm32cubeide_1.8.0/stm32cubeide/plugins/com.st.stm32cube.ide.mcu.externaltools.gnu-tools-for-stm32.10.3-2021.10.win32_1.0.0.202111181127/tools/bin/../lib/gcc/arm-none-eabi/10.3.1/../../../../arm-none-eabi/lib/thumb/v7e-m+fp/hard\libc_nano.a
END GROUP
START GROUP
LOAD c:/st/stm32cubeide_1.8.0/stm32cubeide/plugins/com.st.stm32cube.ide.mcu.externaltools.gnu-tools-for-stm32.10.3-2021.10.win32_1.0.0.202111181127/tools/bin/../lib/gcc/arm-none-eabi/10.3.1/thumb/v7e-m+fp/hard\libgcc.a
LOAD c:/st/stm32cubeide_1.8.0/stm32cubeide/plugins/com.st.stm32cube.ide.mcu.externaltools.gnu-tools-for-stm32.10.3-2021.10.win32_1.0.0.202111181127/tools/bin/../lib/gcc/arm-none-eabi/10.3.1/../../../../arm-none-eabi/lib/thumb/v7e-m+fp/hard\libc_nano.a
LOAD c:/st/stm32cubeide_1.8.0/stm32cubeide/plugins/com.st.stm32cube.ide.mcu.externaltools.gnu-tools-for-stm32.10.3-2021.10.win32_1.0.0.202111181127/tools/bin/../lib/gcc/arm-none-eabi/10.3.1/../../../../arm-none-eabi/lib/thumb/v7e-m+fp/hard\libnosys.a
END GROUP
START GROUP
LOAD c:/st/stm32cubeide_1.8.0/stm32cubeide/plugins/com.st.stm32cube.ide.mcu.externaltools.gnu-tools-for-stm32.10.3-2021.10.win32_1.0.0.202111181127/tools/bin/../lib/gcc/arm-none-eabi/10.3.1/thumb/v7e-m+fp/hard\libgcc.a
LOAD c:/st/stm32cubeide_1.8.0/stm32cubeide/plugins/com.st.stm32cube.ide.mcu.externaltools.gnu-tools-for-stm32.10.3-2021.10.win32_1.0.0.202111181127/tools/bin/../lib/gcc/arm-none-eabi/10.3.1/../../../../arm-none-eabi/lib/thumb/v7e-m+fp/hard\libc_nano.a
LOAD c:/st/stm32cubeide_1.8.0/stm32cubeide/plugins/com.st.stm32cube.ide.mcu.externaltools.gnu-tools-for-stm32.10.3-2021.10.win32_1.0.0.202111181127/tools/bin/../lib/gcc/arm-none-eabi/10.3.1/../../../../arm-none-eabi/lib/thumb/v7e-m+fp/hard\libnosys.a
END GROUP
LOAD c:/st/stm32cubeide_1.8.0/stm32cubeide/plugins/com.st.stm32cube.ide.mcu.externaltools.gnu-tools-for-stm32.10.3-2021.10.win32_1.0.0.202111181127/tools/bin/../lib/gcc/arm-none-eabi/10.3.1/thumb/v7e-m+fp/hard/crtend.o
LOAD c:/st/stm32cubeide_1.8.0/stm32cubeide/plugins/com.st.stm32cube.ide.mcu.externaltools.gnu-tools-for-stm32.10.3-2021.10.win32_1.0.0.202111181127/tools/bin/../lib/gcc/arm-none-eabi/10.3.1/thumb/v7e-m+fp/hard/crtn.o
                0x0000000020004000                _estack = (ORIGIN (RAM) + LENGTH (RAM))
                0x0000000000000200                _Min_Heap_Size = 0x200
                0x0000000000000400                _Min_Stack_Size = 0x400

.isr_vector     0x0000000008000000      0x188
                0x0000000008000000                . = ALIGN (0x4)
 *(.isr_vector)
 .isr_vector    0x0000000008000000      0x188 ./Core/Startup/startup_stm32f301c8tx.o
                0x0000000008000000                g_pfnVectors
                0x0000000008000188                . = ALIGN (0x4)

.text           0x0000000008000188     0x6860
                0x0000000008000188                . = ALIGN (0x4)
 *(.text)
 .text          0x0000000008000188       0x40 c:/st/stm32cubeide_1.8.0/stm32cubeide/plugins/com.st.stm32cube.ide.mcu.externaltools.gnu-tools-for-stm32.10.3-2021.10.win32_1.0.0.202111181127/tools/bin/../lib/gcc/arm-none-eabi/10.3.1/thumb/v7e-m+fp/hard/crtbegin.o
 *(.text*)
 .text.CSN_Select
                0x00000000080001c8       0x18 ./Core/Src/NRF24L01+.o
                0x00000000080001c8                CSN_Select
 .text.CSN_UnSelect
                0x00000000080001e0       0x18 ./Core/Src/NRF24L01+.o
                0x00000000080001e0                CSN_UnSelect
 .text.CE_Enable
                0x00000000080001f8       0x18 ./Core/Src/NRF24L01+.o
                0x00000000080001f8                CE_Enable
 .text.CE_Disable
                0x0000000008000210       0x18 ./Core/Src/NRF24L01+.o
                0x0000000008000210                CE_Disable
 .text.nrf24_WriteReg
                0x0000000008000228       0x44 ./Core/Src/NRF24L01+.o
                0x0000000008000228                nrf24_WriteReg
 .text.nrf24_WriteRegMulti
                0x000000000800026c       0x48 ./Core/Src/NRF24L01+.o
                0x000000000800026c                nrf24_WriteRegMulti
 .text.nrf24_ReadReg
                0x00000000080002b4       0x40 ./Core/Src/NRF24L01+.o
                0x00000000080002b4                nrf24_ReadReg
 .text.nrfsendCmd
                0x00000000080002f4       0x2c ./Core/Src/NRF24L01+.o
                0x00000000080002f4                nrfsendCmd
 .text.nrf24_reset
                0x0000000008000320      0x14c ./Core/Src/NRF24L01+.o
                0x0000000008000320                nrf24_reset
 .text.NRF24_Init
                0x000000000800046c       0x4e ./Core/Src/NRF24L01+.o
                0x000000000800046c                NRF24_Init
 .text.NRF24_RXMode
                0x00000000080004ba       0x70 ./Core/Src/NRF24L01+.o
                0x00000000080004ba                NRF24_RXMode
 .text.isDataAvailable
                0x000000000800052a       0x3e ./Core/Src/NRF24L01+.o
                0x000000000800052a                isDataAvailable
 .text.NRF24_Receive
                0x0000000008000568       0x54 ./Core/Src/NRF24L01+.o
                0x0000000008000568                NRF24_Receive
 .text.processData
                0x00000000080005bc       0x68 ./Core/Src/main.o
                0x00000000080005bc                processData
 .text.adjustDutyCycle
                0x0000000008000624      0x91c ./Core/Src/main.o
                0x0000000008000624                adjustDutyCycle
 .text.main     0x0000000008000f40      0x118 ./Core/Src/main.o
                0x0000000008000f40                main
 .text.SystemClock_Config
                0x0000000008001058       0xba ./Core/Src/main.o
                0x0000000008001058                SystemClock_Config
 *fill*         0x0000000008001112        0x2 
 .text.MX_ADC1_Init
                0x0000000008001114       0xbc ./Core/Src/main.o
 .text.MX_SPI3_Init
                0x00000000080011d0       0x7c ./Core/Src/main.o
 .text.MX_TIM1_Init
                0x000000000800124c      0x1a0 ./Core/Src/main.o
 .text.MX_TIM2_Init
                0x00000000080013ec       0xec ./Core/Src/main.o
 .text.MX_TIM15_Init
                0x00000000080014d8      0x160 ./Core/Src/main.o
 .text.MX_GPIO_Init
                0x0000000008001638      0x124 ./Core/Src/main.o
 .text.Error_Handler
                0x000000000800175c        0xa ./Core/Src/main.o
                0x000000000800175c                Error_Handler
 *fill*         0x0000000008001766        0x2 
 .text.HAL_MspInit
                0x0000000008001768       0x48 ./Core/Src/stm32f3xx_hal_msp.o
                0x0000000008001768                HAL_MspInit
 .text.HAL_ADC_MspInit
                0x00000000080017b0       0x7c ./Core/Src/stm32f3xx_hal_msp.o
                0x00000000080017b0                HAL_ADC_MspInit
 .text.HAL_SPI_MspInit
                0x000000000800182c       0x88 ./Core/Src/stm32f3xx_hal_msp.o
                0x000000000800182c                HAL_SPI_MspInit
 .text.HAL_TIM_Base_MspInit
                0x00000000080018b4       0xb8 ./Core/Src/stm32f3xx_hal_msp.o
                0x00000000080018b4                HAL_TIM_Base_MspInit
 .text.HAL_TIM_MspPostInit
                0x000000000800196c      0x124 ./Core/Src/stm32f3xx_hal_msp.o
                0x000000000800196c                HAL_TIM_MspPostInit
 .text.NMI_Handler
                0x0000000008001a90        0x6 ./Core/Src/stm32f3xx_it.o
                0x0000000008001a90                NMI_Handler
 .text.HardFault_Handler
                0x0000000008001a96        0x6 ./Core/Src/stm32f3xx_it.o
                0x0000000008001a96                HardFault_Handler
 .text.MemManage_Handler
                0x0000000008001a9c        0x6 ./Core/Src/stm32f3xx_it.o
                0x0000000008001a9c                MemManage_Handler
 .text.BusFault_Handler
                0x0000000008001aa2        0x6 ./Core/Src/stm32f3xx_it.o
                0x0000000008001aa2                BusFault_Handler
 .text.UsageFault_Handler
                0x0000000008001aa8        0x6 ./Core/Src/stm32f3xx_it.o
                0x0000000008001aa8                UsageFault_Handler
 .text.SVC_Handler
                0x0000000008001aae        0xe ./Core/Src/stm32f3xx_it.o
                0x0000000008001aae                SVC_Handler
 .text.DebugMon_Handler
                0x0000000008001abc        0xe ./Core/Src/stm32f3xx_it.o
                0x0000000008001abc                DebugMon_Handler
 .text.PendSV_Handler
                0x0000000008001aca        0xe ./Core/Src/stm32f3xx_it.o
                0x0000000008001aca                PendSV_Handler
 .text.SysTick_Handler
                0x0000000008001ad8        0xc ./Core/Src/stm32f3xx_it.o
                0x0000000008001ad8                SysTick_Handler
 .text.TIM1_BRK_TIM15_IRQHandler
                0x0000000008001ae4       0x1c ./Core/Src/stm32f3xx_it.o
                0x0000000008001ae4                TIM1_BRK_TIM15_IRQHandler
 .text.TIM2_IRQHandler
                0x0000000008001b00       0x14 ./Core/Src/stm32f3xx_it.o
                0x0000000008001b00                TIM2_IRQHandler
 .text.EXTI15_10_IRQHandler
                0x0000000008001b14       0x18 ./Core/Src/stm32f3xx_it.o
                0x0000000008001b14                EXTI15_10_IRQHandler
 .text.SystemInit
                0x0000000008001b2c       0x24 ./Core/Src/system_stm32f3xx.o
                0x0000000008001b2c                SystemInit
 .text.Reset_Handler
                0x0000000008001b50       0x50 ./Core/Startup/startup_stm32f301c8tx.o
                0x0000000008001b50                Reset_Handler
 .text.Default_Handler
                0x0000000008001ba0        0x2 ./Core/Startup/startup_stm32f301c8tx.o
                0x0000000008001ba0                RTC_Alarm_IRQHandler
                0x0000000008001ba0                TIM1_CC_IRQHandler
                0x0000000008001ba0                PVD_IRQHandler
                0x0000000008001ba0                TAMP_STAMP_IRQHandler
                0x0000000008001ba0                EXTI3_IRQHandler
                0x0000000008001ba0                I2C3_ER_IRQHandler
                0x0000000008001ba0                EXTI0_IRQHandler
                0x0000000008001ba0                I2C2_EV_IRQHandler
                0x0000000008001ba0                FPU_IRQHandler
                0x0000000008001ba0                TIM1_UP_TIM16_IRQHandler
                0x0000000008001ba0                TIM6_DAC_IRQHandler
                0x0000000008001ba0                DMA1_Channel4_IRQHandler
                0x0000000008001ba0                ADC1_IRQHandler
                0x0000000008001ba0                USART3_IRQHandler
                0x0000000008001ba0                DMA1_Channel7_IRQHandler
                0x0000000008001ba0                I2C1_EV_IRQHandler
                0x0000000008001ba0                DMA1_Channel6_IRQHandler
                0x0000000008001ba0                RCC_IRQHandler
                0x0000000008001ba0                DMA1_Channel1_IRQHandler
                0x0000000008001ba0                Default_Handler
                0x0000000008001ba0                COMP2_IRQHandler
                0x0000000008001ba0                I2C3_EV_IRQHandler
                0x0000000008001ba0                EXTI9_5_IRQHandler
                0x0000000008001ba0                RTC_WKUP_IRQHandler
                0x0000000008001ba0                SPI2_IRQHandler
                0x0000000008001ba0                DMA1_Channel5_IRQHandler
                0x0000000008001ba0                EXTI4_IRQHandler
                0x0000000008001ba0                TIM1_TRG_COM_TIM17_IRQHandler
                0x0000000008001ba0                DMA1_Channel3_IRQHandler
                0x0000000008001ba0                WWDG_IRQHandler
                0x0000000008001ba0                EXTI1_IRQHandler
                0x0000000008001ba0                COMP4_6_IRQHandler
                0x0000000008001ba0                USART2_IRQHandler
                0x0000000008001ba0                I2C2_ER_IRQHandler
                0x0000000008001ba0                DMA1_Channel2_IRQHandler
                0x0000000008001ba0                FLASH_IRQHandler
                0x0000000008001ba0                USART1_IRQHandler
                0x0000000008001ba0                SPI3_IRQHandler
                0x0000000008001ba0                I2C1_ER_IRQHandler
                0x0000000008001ba0                EXTI2_TSC_IRQHandler
 *fill*         0x0000000008001ba2        0x2 
 .text.HAL_Init
                0x0000000008001ba4       0x2c ./Drivers/STM32F3xx_HAL_Driver/Src/stm32f3xx_hal.o
                0x0000000008001ba4                HAL_Init
 .text.HAL_InitTick
                0x0000000008001bd0       0x60 ./Drivers/STM32F3xx_HAL_Driver/Src/stm32f3xx_hal.o
                0x0000000008001bd0                HAL_InitTick
 .text.HAL_IncTick
                0x0000000008001c30       0x28 ./Drivers/STM32F3xx_HAL_Driver/Src/stm32f3xx_hal.o
                0x0000000008001c30                HAL_IncTick
 .text.HAL_GetTick
                0x0000000008001c58       0x18 ./Drivers/STM32F3xx_HAL_Driver/Src/stm32f3xx_hal.o
                0x0000000008001c58                HAL_GetTick
 .text.HAL_Delay
                0x0000000008001c70       0x48 ./Drivers/STM32F3xx_HAL_Driver/Src/stm32f3xx_hal.o
                0x0000000008001c70                HAL_Delay
 .text.HAL_ADC_Init
                0x0000000008001cb8      0x30c ./Drivers/STM32F3xx_HAL_Driver/Src/stm32f3xx_hal_adc_ex.o
                0x0000000008001cb8                HAL_ADC_Init
 .text.HAL_ADC_Start
                0x0000000008001fc4       0xda ./Drivers/STM32F3xx_HAL_Driver/Src/stm32f3xx_hal_adc_ex.o
                0x0000000008001fc4                HAL_ADC_Start
 *fill*         0x000000000800209e        0x2 
 .text.HAL_ADC_PollForConversion
                0x00000000080020a0      0x17c ./Drivers/STM32F3xx_HAL_Driver/Src/stm32f3xx_hal_adc_ex.o
                0x00000000080020a0                HAL_ADC_PollForConversion
 .text.HAL_ADC_GetValue
                0x000000000800221c       0x1a ./Drivers/STM32F3xx_HAL_Driver/Src/stm32f3xx_hal_adc_ex.o
                0x000000000800221c                HAL_ADC_GetValue
 *fill*         0x0000000008002236        0x2 
 .text.HAL_ADC_ConfigChannel
                0x0000000008002238      0x56c ./Drivers/STM32F3xx_HAL_Driver/Src/stm32f3xx_hal_adc_ex.o
                0x0000000008002238                HAL_ADC_ConfigChannel
 .text.ADC_Enable
                0x00000000080027a4       0xc8 ./Drivers/STM32F3xx_HAL_Driver/Src/stm32f3xx_hal_adc_ex.o
 .text.ADC_Disable
                0x000000000800286c       0xcc ./Drivers/STM32F3xx_HAL_Driver/Src/stm32f3xx_hal_adc_ex.o
 .text.__NVIC_SetPriorityGrouping
                0x0000000008002938       0x48 ./Drivers/STM32F3xx_HAL_Driver/Src/stm32f3xx_hal_cortex.o
 .text.__NVIC_GetPriorityGrouping
                0x0000000008002980       0x1c ./Drivers/STM32F3xx_HAL_Driver/Src/stm32f3xx_hal_cortex.o
 .text.__NVIC_EnableIRQ
                0x000000000800299c       0x3c ./Drivers/STM32F3xx_HAL_Driver/Src/stm32f3xx_hal_cortex.o
 .text.__NVIC_SetPriority
                0x00000000080029d8       0x54 ./Drivers/STM32F3xx_HAL_Driver/Src/stm32f3xx_hal_cortex.o
 .text.NVIC_EncodePriority
                0x0000000008002a2c       0x66 ./Drivers/STM32F3xx_HAL_Driver/Src/stm32f3xx_hal_cortex.o
 *fill*         0x0000000008002a92        0x2 
 .text.SysTick_Config
                0x0000000008002a94       0x44 ./Drivers/STM32F3xx_HAL_Driver/Src/stm32f3xx_hal_cortex.o
 .text.HAL_NVIC_SetPriorityGrouping
                0x0000000008002ad8       0x16 ./Drivers/STM32F3xx_HAL_Driver/Src/stm32f3xx_hal_cortex.o
                0x0000000008002ad8                HAL_NVIC_SetPriorityGrouping
 .text.HAL_NVIC_SetPriority
                0x0000000008002aee       0x38 ./Drivers/STM32F3xx_HAL_Driver/Src/stm32f3xx_hal_cortex.o
                0x0000000008002aee                HAL_NVIC_SetPriority
 .text.HAL_NVIC_EnableIRQ
                0x0000000008002b26       0x1c ./Drivers/STM32F3xx_HAL_Driver/Src/stm32f3xx_hal_cortex.o
                0x0000000008002b26                HAL_NVIC_EnableIRQ
 .text.HAL_SYSTICK_Config
                0x0000000008002b42       0x18 ./Drivers/STM32F3xx_HAL_Driver/Src/stm32f3xx_hal_cortex.o
                0x0000000008002b42                HAL_SYSTICK_Config
 *fill*         0x0000000008002b5a        0x2 
 .text.HAL_GPIO_Init
                0x0000000008002b5c      0x2e4 ./Drivers/STM32F3xx_HAL_Driver/Src/stm32f3xx_hal_gpio.o
                0x0000000008002b5c                HAL_GPIO_Init
 .text.HAL_GPIO_WritePin
                0x0000000008002e40       0x30 ./Drivers/STM32F3xx_HAL_Driver/Src/stm32f3xx_hal_gpio.o
                0x0000000008002e40                HAL_GPIO_WritePin
 .text.HAL_GPIO_EXTI_IRQHandler
                0x0000000008002e70       0x30 ./Drivers/STM32F3xx_HAL_Driver/Src/stm32f3xx_hal_gpio.o
                0x0000000008002e70                HAL_GPIO_EXTI_IRQHandler
 .text.HAL_GPIO_EXTI_Callback
                0x0000000008002ea0       0x16 ./Drivers/STM32F3xx_HAL_Driver/Src/stm32f3xx_hal_gpio.o
                0x0000000008002ea0                HAL_GPIO_EXTI_Callback
 *fill*         0x0000000008002eb6        0x2 
 .text.HAL_RCC_OscConfig
                0x0000000008002eb8     0x107c ./Drivers/STM32F3xx_HAL_Driver/Src/stm32f3xx_hal_rcc.o
                0x0000000008002eb8                HAL_RCC_OscConfig
 .text.HAL_RCC_ClockConfig
                0x0000000008003f34      0x2f8 ./Drivers/STM32F3xx_HAL_Driver/Src/stm32f3xx_hal_rcc.o
                0x0000000008003f34                HAL_RCC_ClockConfig
 .text.HAL_RCC_GetSysClockFreq
                0x000000000800422c       0xd4 ./Drivers/STM32F3xx_HAL_Driver/Src/stm32f3xx_hal_rcc.o
                0x000000000800422c                HAL_RCC_GetSysClockFreq
 .text.HAL_RCCEx_PeriphCLKConfig
                0x0000000008004300      0x308 ./Drivers/STM32F3xx_HAL_Driver/Src/stm32f3xx_hal_rcc_ex.o
                0x0000000008004300                HAL_RCCEx_PeriphCLKConfig
 .text.HAL_SPI_Init
                0x0000000008004608      0x156 ./Drivers/STM32F3xx_HAL_Driver/Src/stm32f3xx_hal_spi.o
                0x0000000008004608                HAL_SPI_Init
 .text.HAL_SPI_Transmit
                0x000000000800475e      0x2ea ./Drivers/STM32F3xx_HAL_Driver/Src/stm32f3xx_hal_spi.o
                0x000000000800475e                HAL_SPI_Transmit
 .text.HAL_SPI_Receive
                0x0000000008004a48      0x26e ./Drivers/STM32F3xx_HAL_Driver/Src/stm32f3xx_hal_spi.o
                0x0000000008004a48                HAL_SPI_Receive
 .text.HAL_SPI_TransmitReceive
                0x0000000008004cb6      0x444 ./Drivers/STM32F3xx_HAL_Driver/Src/stm32f3xx_hal_spi.o
                0x0000000008004cb6                HAL_SPI_TransmitReceive
 *fill*         0x00000000080050fa        0x2 
 .text.SPI_WaitFlagStateUntilTimeout
                0x00000000080050fc      0x110 ./Drivers/STM32F3xx_HAL_Driver/Src/stm32f3xx_hal_spi.o
 .text.SPI_WaitFifoStateUntilTimeout
                0x000000000800520c      0x12c ./Drivers/STM32F3xx_HAL_Driver/Src/stm32f3xx_hal_spi.o
 .text.SPI_EndRxTransaction
                0x0000000008005338       0xb0 ./Drivers/STM32F3xx_HAL_Driver/Src/stm32f3xx_hal_spi.o
 .text.SPI_EndRxTxTransaction
                0x00000000080053e8       0x8c ./Drivers/STM32F3xx_HAL_Driver/Src/stm32f3xx_hal_spi.o
 .text.HAL_TIM_Base_Init
                0x0000000008005474       0xae ./Drivers/STM32F3xx_HAL_Driver/Src/stm32f3xx_hal_tim.o
                0x0000000008005474                HAL_TIM_Base_Init
 *fill*         0x0000000008005522        0x2 
 .text.HAL_TIM_Base_Start_IT
                0x0000000008005524       0xa8 ./Drivers/STM32F3xx_HAL_Driver/Src/stm32f3xx_hal_tim.o
                0x0000000008005524                HAL_TIM_Base_Start_IT
 .text.HAL_TIM_PWM_Init
                0x00000000080055cc       0xae ./Drivers/STM32F3xx_HAL_Driver/Src/stm32f3xx_hal_tim.o
                0x00000000080055cc                HAL_TIM_PWM_Init
 .text.HAL_TIM_PWM_MspInit
                0x000000000800567a       0x14 ./Drivers/STM32F3xx_HAL_Driver/Src/stm32f3xx_hal_tim.o
                0x000000000800567a                HAL_TIM_PWM_MspInit
 *fill*         0x000000000800568e        0x2 
 .text.HAL_TIM_PWM_Start
                0x0000000008005690      0x1cc ./Drivers/STM32F3xx_HAL_Driver/Src/stm32f3xx_hal_tim.o
                0x0000000008005690                HAL_TIM_PWM_Start
 .text.HAL_TIM_PWM_Stop
                0x000000000800585c      0x11c ./Drivers/STM32F3xx_HAL_Driver/Src/stm32f3xx_hal_tim.o
                0x000000000800585c                HAL_TIM_PWM_Stop
 .text.HAL_TIM_IRQHandler
                0x0000000008005978      0x23e ./Drivers/STM32F3xx_HAL_Driver/Src/stm32f3xx_hal_tim.o
                0x0000000008005978                HAL_TIM_IRQHandler
 *fill*         0x0000000008005bb6        0x2 
 .text.HAL_TIM_PWM_ConfigChannel
                0x0000000008005bb8      0x228 ./Drivers/STM32F3xx_HAL_Driver/Src/stm32f3xx_hal_tim.o
                0x0000000008005bb8                HAL_TIM_PWM_ConfigChannel
 .text.HAL_TIM_ConfigClockSource
                0x0000000008005de0      0x192 ./Drivers/STM32F3xx_HAL_Driver/Src/stm32f3xx_hal_tim.o
                0x0000000008005de0                HAL_TIM_ConfigClockSource
 .text.HAL_TIM_PeriodElapsedCallback
                0x0000000008005f72       0x14 ./Drivers/STM32F3xx_HAL_Driver/Src/stm32f3xx_hal_tim.o
                0x0000000008005f72                HAL_TIM_PeriodElapsedCallback
 .text.HAL_TIM_OC_DelayElapsedCallback
                0x0000000008005f86       0x14 ./Drivers/STM32F3xx_HAL_Driver/Src/stm32f3xx_hal_tim.o
                0x0000000008005f86                HAL_TIM_OC_DelayElapsedCallback
 .text.HAL_TIM_IC_CaptureCallback
                0x0000000008005f9a       0x14 ./Drivers/STM32F3xx_HAL_Driver/Src/stm32f3xx_hal_tim.o
                0x0000000008005f9a                HAL_TIM_IC_CaptureCallback
 .text.HAL_TIM_PWM_PulseFinishedCallback
                0x0000000008005fae       0x14 ./Drivers/STM32F3xx_HAL_Driver/Src/stm32f3xx_hal_tim.o
                0x0000000008005fae                HAL_TIM_PWM_PulseFinishedCallback
 .text.HAL_TIM_TriggerCallback
                0x0000000008005fc2       0x14 ./Drivers/STM32F3xx_HAL_Driver/Src/stm32f3xx_hal_tim.o
                0x0000000008005fc2                HAL_TIM_TriggerCallback
 *fill*         0x0000000008005fd6        0x2 
 .text.TIM_Base_SetConfig
                0x0000000008005fd8       0xdc ./Drivers/STM32F3xx_HAL_Driver/Src/stm32f3xx_hal_tim.o
                0x0000000008005fd8                TIM_Base_SetConfig
 .text.TIM_OC1_SetConfig
                0x00000000080060b4      0x10c ./Drivers/STM32F3xx_HAL_Driver/Src/stm32f3xx_hal_tim.o
 .text.TIM_OC2_SetConfig
                0x00000000080061c0      0x100 ./Drivers/STM32F3xx_HAL_Driver/Src/stm32f3xx_hal_tim.o
                0x00000000080061c0                TIM_OC2_SetConfig
 .text.TIM_OC3_SetConfig
                0x00000000080062c0       0xfc ./Drivers/STM32F3xx_HAL_Driver/Src/stm32f3xx_hal_tim.o
 .text.TIM_OC4_SetConfig
                0x00000000080063bc       0xc8 ./Drivers/STM32F3xx_HAL_Driver/Src/stm32f3xx_hal_tim.o
 .text.TIM_OC5_SetConfig
                0x0000000008006484       0xbc ./Drivers/STM32F3xx_HAL_Driver/Src/stm32f3xx_hal_tim.o
 .text.TIM_OC6_SetConfig
                0x0000000008006540       0xc0 ./Drivers/STM32F3xx_HAL_Driver/Src/stm32f3xx_hal_tim.o
 .text.TIM_TI1_ConfigInputStage
                0x0000000008006600       0x5e ./Drivers/STM32F3xx_HAL_Driver/Src/stm32f3xx_hal_tim.o
 .text.TIM_TI2_ConfigInputStage
                0x000000000800665e       0x60 ./Drivers/STM32F3xx_HAL_Driver/Src/stm32f3xx_hal_tim.o
 .text.TIM_ITRx_SetConfig
                0x00000000080066be       0x36 ./Drivers/STM32F3xx_HAL_Driver/Src/stm32f3xx_hal_tim.o
 .text.TIM_ETR_SetConfig
                0x00000000080066f4       0x40 ./Drivers/STM32F3xx_HAL_Driver/Src/stm32f3xx_hal_tim.o
                0x00000000080066f4                TIM_ETR_SetConfig
 .text.TIM_CCxChannelCmd
                0x0000000008006734       0x4a ./Drivers/STM32F3xx_HAL_Driver/Src/stm32f3xx_hal_tim.o
                0x0000000008006734                TIM_CCxChannelCmd
 *fill*         0x000000000800677e        0x2 
 .text.HAL_TIMEx_MasterConfigSynchronization
                0x0000000008006780       0xcc ./Drivers/STM32F3xx_HAL_Driver/Src/stm32f3xx_hal_tim_ex.o
                0x0000000008006780                HAL_TIMEx_MasterConfigSynchronization
 .text.HAL_TIMEx_ConfigBreakDeadTime
                0x000000000800684c       0xf0 ./Drivers/STM32F3xx_HAL_Driver/Src/stm32f3xx_hal_tim_ex.o
                0x000000000800684c                HAL_TIMEx_ConfigBreakDeadTime
 .text.HAL_TIMEx_CommutCallback
                0x000000000800693c       0x14 ./Drivers/STM32F3xx_HAL_Driver/Src/stm32f3xx_hal_tim_ex.o
                0x000000000800693c                HAL_TIMEx_CommutCallback
 .text.HAL_TIMEx_BreakCallback
                0x0000000008006950       0x14 ./Drivers/STM32F3xx_HAL_Driver/Src/stm32f3xx_hal_tim_ex.o
                0x0000000008006950                HAL_TIMEx_BreakCallback
 .text.HAL_TIMEx_Break2Callback
                0x0000000008006964       0x14 ./Drivers/STM32F3xx_HAL_Driver/Src/stm32f3xx_hal_tim_ex.o
                0x0000000008006964                HAL_TIMEx_Break2Callback
 .text.__libc_init_array
                0x0000000008006978       0x48 c:/st/stm32cubeide_1.8.0/stm32cubeide/plugins/com.st.stm32cube.ide.mcu.externaltools.gnu-tools-for-stm32.10.3-2021.10.win32_1.0.0.202111181127/tools/bin/../lib/gcc/arm-none-eabi/10.3.1/../../../../arm-none-eabi/lib/thumb/v7e-m+fp/hard\libc_nano.a(lib_a-init.o)
                0x0000000008006978                __libc_init_array
 .text.memset   0x00000000080069c0       0x10 c:/st/stm32cubeide_1.8.0/stm32cubeide/plugins/com.st.stm32cube.ide.mcu.externaltools.gnu-tools-for-stm32.10.3-2021.10.win32_1.0.0.202111181127/tools/bin/../lib/gcc/arm-none-eabi/10.3.1/../../../../arm-none-eabi/lib/thumb/v7e-m+fp/hard\libc_nano.a(lib_a-memset.o)
                0x00000000080069c0                memset
 *(.glue_7)
 .glue_7        0x00000000080069d0        0x0 linker stubs
 *(.glue_7t)
 .glue_7t       0x00000000080069d0        0x0 linker stubs
 *(.eh_frame)
 .eh_frame      0x00000000080069d0        0x0 c:/st/stm32cubeide_1.8.0/stm32cubeide/plugins/com.st.stm32cube.ide.mcu.externaltools.gnu-tools-for-stm32.10.3-2021.10.win32_1.0.0.202111181127/tools/bin/../lib/gcc/arm-none-eabi/10.3.1/thumb/v7e-m+fp/hard/crtbegin.o
 *(.init)
 .init          0x00000000080069d0        0x4 c:/st/stm32cubeide_1.8.0/stm32cubeide/plugins/com.st.stm32cube.ide.mcu.externaltools.gnu-tools-for-stm32.10.3-2021.10.win32_1.0.0.202111181127/tools/bin/../lib/gcc/arm-none-eabi/10.3.1/thumb/v7e-m+fp/hard/crti.o
                0x00000000080069d0                _init
 .init          0x00000000080069d4        0x8 c:/st/stm32cubeide_1.8.0/stm32cubeide/plugins/com.st.stm32cube.ide.mcu.externaltools.gnu-tools-for-stm32.10.3-2021.10.win32_1.0.0.202111181127/tools/bin/../lib/gcc/arm-none-eabi/10.3.1/thumb/v7e-m+fp/hard/crtn.o
 *(.fini)
 .fini          0x00000000080069dc        0x4 c:/st/stm32cubeide_1.8.0/stm32cubeide/plugins/com.st.stm32cube.ide.mcu.externaltools.gnu-tools-for-stm32.10.3-2021.10.win32_1.0.0.202111181127/tools/bin/../lib/gcc/arm-none-eabi/10.3.1/thumb/v7e-m+fp/hard/crti.o
                0x00000000080069dc                _fini
 .fini          0x00000000080069e0        0x8 c:/st/stm32cubeide_1.8.0/stm32cubeide/plugins/com.st.stm32cube.ide.mcu.externaltools.gnu-tools-for-stm32.10.3-2021.10.win32_1.0.0.202111181127/tools/bin/../lib/gcc/arm-none-eabi/10.3.1/thumb/v7e-m+fp/hard/crtn.o
                0x00000000080069e8                . = ALIGN (0x4)
                0x00000000080069e8                _etext = .

.vfp11_veneer   0x00000000080069e8        0x0
 .vfp11_veneer  0x00000000080069e8        0x0 linker stubs

.v4_bx          0x00000000080069e8        0x0
 .v4_bx         0x00000000080069e8        0x0 linker stubs

.iplt           0x00000000080069e8        0x0
 .iplt          0x00000000080069e8        0x0 c:/st/stm32cubeide_1.8.0/stm32cubeide/plugins/com.st.stm32cube.ide.mcu.externaltools.gnu-tools-for-stm32.10.3-2021.10.win32_1.0.0.202111181127/tools/bin/../lib/gcc/arm-none-eabi/10.3.1/thumb/v7e-m+fp/hard/crtbegin.o

.rodata         0x00000000080069e8       0x40
                0x00000000080069e8                . = ALIGN (0x4)
 *(.rodata)
 .rodata        0x00000000080069e8        0xd ./Core/Src/NRF24L01+.o
 *(.rodata*)
 *fill*         0x00000000080069f5        0x3 
 .rodata.AHBPrescTable
                0x00000000080069f8       0x10 ./Core/Src/system_stm32f3xx.o
                0x00000000080069f8                AHBPrescTable
 .rodata.aPLLMULFactorTable
                0x0000000008006a08       0x10 ./Drivers/STM32F3xx_HAL_Driver/Src/stm32f3xx_hal_rcc.o
 .rodata.aPredivFactorTable
                0x0000000008006a18       0x10 ./Drivers/STM32F3xx_HAL_Driver/Src/stm32f3xx_hal_rcc.o
                0x0000000008006a28                . = ALIGN (0x4)

.rel.dyn        0x0000000008006a28        0x0
 .rel.iplt      0x0000000008006a28        0x0 c:/st/stm32cubeide_1.8.0/stm32cubeide/plugins/com.st.stm32cube.ide.mcu.externaltools.gnu-tools-for-stm32.10.3-2021.10.win32_1.0.0.202111181127/tools/bin/../lib/gcc/arm-none-eabi/10.3.1/thumb/v7e-m+fp/hard/crtbegin.o

.ARM.extab      0x0000000008006a28        0x0
                0x0000000008006a28                . = ALIGN (0x4)
 *(.ARM.extab* .gnu.linkonce.armextab.*)
                0x0000000008006a28                . = ALIGN (0x4)

.ARM            0x0000000008006a28        0x0
                0x0000000008006a28                . = ALIGN (0x4)
                0x0000000008006a28                __exidx_start = .
 *(.ARM.exidx*)
                0x0000000008006a28                __exidx_end = .
                0x0000000008006a28                . = ALIGN (0x4)

.preinit_array  0x0000000008006a28        0x0
                0x0000000008006a28                . = ALIGN (0x4)
                0x0000000008006a28                PROVIDE (__preinit_array_start = .)
 *(.preinit_array*)
                0x0000000008006a28                PROVIDE (__preinit_array_end = .)
                0x0000000008006a28                . = ALIGN (0x4)

.init_array     0x0000000008006a28        0x4
                0x0000000008006a28                . = ALIGN (0x4)
                0x0000000008006a28                PROVIDE (__init_array_start = .)
 *(SORT_BY_NAME(.init_array.*))
 *(.init_array*)
 .init_array    0x0000000008006a28        0x4 c:/st/stm32cubeide_1.8.0/stm32cubeide/plugins/com.st.stm32cube.ide.mcu.externaltools.gnu-tools-for-stm32.10.3-2021.10.win32_1.0.0.202111181127/tools/bin/../lib/gcc/arm-none-eabi/10.3.1/thumb/v7e-m+fp/hard/crtbegin.o
                0x0000000008006a2c                PROVIDE (__init_array_end = .)
                0x0000000008006a2c                . = ALIGN (0x4)

.fini_array     0x0000000008006a2c        0x4
                0x0000000008006a2c                . = ALIGN (0x4)
                [!provide]                        PROVIDE (__fini_array_start = .)
 *(SORT_BY_NAME(.fini_array.*))
 *(.fini_array*)
 .fini_array    0x0000000008006a2c        0x4 c:/st/stm32cubeide_1.8.0/stm32cubeide/plugins/com.st.stm32cube.ide.mcu.externaltools.gnu-tools-for-stm32.10.3-2021.10.win32_1.0.0.202111181127/tools/bin/../lib/gcc/arm-none-eabi/10.3.1/thumb/v7e-m+fp/hard/crtbegin.o
                [!provide]                        PROVIDE (__fini_array_end = .)
                0x0000000008006a30                . = ALIGN (0x4)
                0x0000000008006a30                _sidata = LOADADDR (.data)

.data           0x0000000020000000       0x14 load address 0x0000000008006a30
                0x0000000020000000                . = ALIGN (0x4)
                0x0000000020000000                _sdata = .
 *(.data)
 *(.data*)
 .data.RxAddress
                0x0000000020000000        0x5 ./Core/Src/main.o
                0x0000000020000000                RxAddress
 *fill*         0x0000000020000005        0x3 
 .data.SystemCoreClock
                0x0000000020000008        0x4 ./Core/Src/system_stm32f3xx.o
                0x0000000020000008                SystemCoreClock
 .data.uwTickPrio
                0x000000002000000c        0x4 ./Drivers/STM32F3xx_HAL_Driver/Src/stm32f3xx_hal.o
                0x000000002000000c                uwTickPrio
 .data.uwTickFreq
                0x0000000020000010        0x1 ./Drivers/STM32F3xx_HAL_Driver/Src/stm32f3xx_hal.o
                0x0000000020000010                uwTickFreq
 *(.RamFunc)
 *(.RamFunc*)
                0x0000000020000014                . = ALIGN (0x4)
 *fill*         0x0000000020000011        0x3 
                0x0000000020000014                _edata = .

.igot.plt       0x0000000020000014        0x0 load address 0x0000000008006a44
 .igot.plt      0x0000000020000014        0x0 c:/st/stm32cubeide_1.8.0/stm32cubeide/plugins/com.st.stm32cube.ide.mcu.externaltools.gnu-tools-for-stm32.10.3-2021.10.win32_1.0.0.202111181127/tools/bin/../lib/gcc/arm-none-eabi/10.3.1/thumb/v7e-m+fp/hard/crtbegin.o
                0x0000000020000014                . = ALIGN (0x4)

.bss            0x0000000020000014      0x314 load address 0x0000000008006a44
                0x0000000020000014                _sbss = .
                0x0000000020000014                __bss_start__ = _sbss
 *(.bss)
 .bss           0x0000000020000014       0x1c c:/st/stm32cubeide_1.8.0/stm32cubeide/plugins/com.st.stm32cube.ide.mcu.externaltools.gnu-tools-for-stm32.10.3-2021.10.win32_1.0.0.202111181127/tools/bin/../lib/gcc/arm-none-eabi/10.3.1/thumb/v7e-m+fp/hard/crtbegin.o
 *(.bss*)
 .bss.hadc1     0x0000000020000030       0x50 ./Core/Src/main.o
                0x0000000020000030                hadc1
 .bss.hspi3     0x0000000020000080       0x64 ./Core/Src/main.o
                0x0000000020000080                hspi3
 .bss.htim1     0x00000000200000e4       0x4c ./Core/Src/main.o
                0x00000000200000e4                htim1
 .bss.htim2     0x0000000020000130       0x4c ./Core/Src/main.o
                0x0000000020000130                htim2
 .bss.htim15    0x000000002000017c       0x4c ./Core/Src/main.o
                0x000000002000017c                htim15
 .bss.RxData    0x00000000200001c8       0x13 ./Core/Src/main.o
                0x00000000200001c8                RxData
 *fill*         0x00000000200001db        0x1 
 .bss.ADC_Values
                0x00000000200001dc       0x24 ./Core/Src/main.o
                0x00000000200001dc                ADC_Values
 .bss.buttonStates
                0x0000000020000200        0x1 ./Core/Src/main.o
                0x0000000020000200                buttonStates
 *fill*         0x0000000020000201        0x3 
 .bss.dutyCycle_G1
                0x0000000020000204        0x4 ./Core/Src/main.o
                0x0000000020000204                dutyCycle_G1
 .bss.index_G1  0x0000000020000208        0x4 ./Core/Src/main.o
                0x0000000020000208                index_G1
 .bss.dutyCycle_G1_total
                0x000000002000020c        0x4 ./Core/Src/main.o
                0x000000002000020c                dutyCycle_G1_total
 .bss.dutyCycle_G1_count
                0x0000000020000210        0x4 ./Core/Src/main.o
                0x0000000020000210                dutyCycle_G1_count
 .bss.values_G1
                0x0000000020000214       0x28 ./Core/Src/main.o
                0x0000000020000214                values_G1
 .bss.av_du_G1  0x000000002000023c        0x4 ./Core/Src/main.o
                0x000000002000023c                av_du_G1
 .bss.Last_av_du_G1
                0x0000000020000240        0x4 ./Core/Src/main.o
                0x0000000020000240                Last_av_du_G1
 .bss.dutyCycle_G2
                0x0000000020000244        0x4 ./Core/Src/main.o
                0x0000000020000244                dutyCycle_G2
 .bss.index_G2  0x0000000020000248        0x4 ./Core/Src/main.o
                0x0000000020000248                index_G2
 .bss.dutyCycle_G2_total
                0x000000002000024c        0x4 ./Core/Src/main.o
                0x000000002000024c                dutyCycle_G2_total
 .bss.dutyCycle_G2_count
                0x0000000020000250        0x4 ./Core/Src/main.o
                0x0000000020000250                dutyCycle_G2_count
 .bss.values_G2
                0x0000000020000254       0x28 ./Core/Src/main.o
                0x0000000020000254                values_G2
 .bss.av_du_G2  0x000000002000027c        0x4 ./Core/Src/main.o
                0x000000002000027c                av_du_G2
 .bss.Last_av_du_G2
                0x0000000020000280        0x4 ./Core/Src/main.o
                0x0000000020000280                Last_av_du_G2
 .bss.dutyCycle_T1
                0x0000000020000284        0x4 ./Core/Src/main.o
                0x0000000020000284                dutyCycle_T1
 .bss.index_T1  0x0000000020000288        0x4 ./Core/Src/main.o
                0x0000000020000288                index_T1
 .bss.dutyCycle_T1_total
                0x000000002000028c        0x4 ./Core/Src/main.o
                0x000000002000028c                dutyCycle_T1_total
 .bss.dutyCycle_T1_count
                0x0000000020000290        0x4 ./Core/Src/main.o
                0x0000000020000290                dutyCycle_T1_count
 .bss.values_T1
                0x0000000020000294       0x28 ./Core/Src/main.o
                0x0000000020000294                values_T1
 .bss.av_du_T1  0x00000000200002bc        0x4 ./Core/Src/main.o
                0x00000000200002bc                av_du_T1
 .bss.Last_av_du_T1
                0x00000000200002c0        0x4 ./Core/Src/main.o
                0x00000000200002c0                Last_av_du_T1
 .bss.dutyCycle_T2
                0x00000000200002c4        0x4 ./Core/Src/main.o
                0x00000000200002c4                dutyCycle_T2
 .bss.index_T2  0x00000000200002c8        0x4 ./Core/Src/main.o
                0x00000000200002c8                index_T2
 .bss.dutyCycle_T2_total
                0x00000000200002cc        0x4 ./Core/Src/main.o
                0x00000000200002cc                dutyCycle_T2_total
 .bss.dutyCycle_T2_count
                0x00000000200002d0        0x4 ./Core/Src/main.o
                0x00000000200002d0                dutyCycle_T2_count
 .bss.values_T2
                0x00000000200002d4       0x28 ./Core/Src/main.o
                0x00000000200002d4                values_T2
 .bss.av_du_T2  0x00000000200002fc        0x4 ./Core/Src/main.o
                0x00000000200002fc                av_du_T2
 .bss.Last_av_du_T2
                0x0000000020000300        0x4 ./Core/Src/main.o
                0x0000000020000300                Last_av_du_T2
 .bss.dutyCycle_CH3
                0x0000000020000304        0x1 ./Core/Src/main.o
                0x0000000020000304                dutyCycle_CH3
 .bss.dutyCycle_CH4
                0x0000000020000305        0x1 ./Core/Src/main.o
                0x0000000020000305                dutyCycle_CH4
 *fill*         0x0000000020000306        0x2 
 .bss.lowCountM1
                0x0000000020000308        0x4 ./Core/Src/main.o
                0x0000000020000308                lowCountM1
 .bss.highCountM1
                0x000000002000030c        0x4 ./Core/Src/main.o
                0x000000002000030c                highCountM1
 .bss.lowCountM2
                0x0000000020000310        0x4 ./Core/Src/main.o
                0x0000000020000310                lowCountM2
 .bss.highCountM2
                0x0000000020000314        0x4 ./Core/Src/main.o
                0x0000000020000314                highCountM2
 .bss.ADC       0x0000000020000318        0x4 ./Core/Src/main.o
                0x0000000020000318                ADC
 .bss.current_Tick
                0x000000002000031c        0x4 ./Core/Src/main.o
                0x000000002000031c                current_Tick
 .bss.prev_Tick
                0x0000000020000320        0x4 ./Core/Src/main.o
                0x0000000020000320                prev_Tick
 .bss.uwTick    0x0000000020000324        0x4 ./Drivers/STM32F3xx_HAL_Driver/Src/stm32f3xx_hal.o
                0x0000000020000324                uwTick
 *(COMMON)
                0x0000000020000328                . = ALIGN (0x4)
                0x0000000020000328                _ebss = .
                0x0000000020000328                __bss_end__ = _ebss

._user_heap_stack
                0x0000000020000328      0x600 load address 0x0000000008006a44
                0x0000000020000328                . = ALIGN (0x8)
                [!provide]                        PROVIDE (end = .)
                0x0000000020000328                PROVIDE (_end = .)
                0x0000000020000528                . = (. + _Min_Heap_Size)
 *fill*         0x0000000020000328      0x200 
                0x0000000020000928                . = (. + _Min_Stack_Size)
 *fill*         0x0000000020000528      0x400 
                0x0000000020000928                . = ALIGN (0x8)

/DISCARD/
 libc.a(*)
 libm.a(*)
 libgcc.a(*)

.ARM.attributes
                0x0000000000000000       0x30
 *(.ARM.attributes)
 .ARM.attributes
                0x0000000000000000       0x1e c:/st/stm32cubeide_1.8.0/stm32cubeide/plugins/com.st.stm32cube.ide.mcu.externaltools.gnu-tools-for-stm32.10.3-2021.10.win32_1.0.0.202111181127/tools/bin/../lib/gcc/arm-none-eabi/10.3.1/thumb/v7e-m+fp/hard/crti.o
 .ARM.attributes
                0x000000000000001e       0x34 c:/st/stm32cubeide_1.8.0/stm32cubeide/plugins/com.st.stm32cube.ide.mcu.externaltools.gnu-tools-for-stm32.10.3-2021.10.win32_1.0.0.202111181127/tools/bin/../lib/gcc/arm-none-eabi/10.3.1/thumb/v7e-m+fp/hard/crtbegin.o
 .ARM.attributes
                0x0000000000000052       0x34 ./Core/Src/NRF24L01+.o
 .ARM.attributes
                0x0000000000000086       0x34 ./Core/Src/main.o
 .ARM.attributes
                0x00000000000000ba       0x34 ./Core/Src/stm32f3xx_hal_msp.o
 .ARM.attributes
                0x00000000000000ee       0x34 ./Core/Src/stm32f3xx_it.o
 .ARM.attributes
                0x0000000000000122       0x34 ./Core/Src/system_stm32f3xx.o
 .ARM.attributes
                0x0000000000000156       0x21 ./Core/Startup/startup_stm32f301c8tx.o
 .ARM.attributes
                0x0000000000000177       0x34 ./Drivers/STM32F3xx_HAL_Driver/Src/stm32f3xx_hal.o
 .ARM.attributes
                0x00000000000001ab       0x34 ./Drivers/STM32F3xx_HAL_Driver/Src/stm32f3xx_hal_adc_ex.o
 .ARM.attributes
                0x00000000000001df       0x34 ./Drivers/STM32F3xx_HAL_Driver/Src/stm32f3xx_hal_cortex.o
 .ARM.attributes
                0x0000000000000213       0x34 ./Drivers/STM32F3xx_HAL_Driver/Src/stm32f3xx_hal_gpio.o
 .ARM.attributes
                0x0000000000000247       0x34 ./Drivers/STM32F3xx_HAL_Driver/Src/stm32f3xx_hal_rcc.o
 .ARM.attributes
                0x000000000000027b       0x34 ./Drivers/STM32F3xx_HAL_Driver/Src/stm32f3xx_hal_rcc_ex.o
 .ARM.attributes
                0x00000000000002af       0x34 ./Drivers/STM32F3xx_HAL_Driver/Src/stm32f3xx_hal_spi.o
 .ARM.attributes
                0x00000000000002e3       0x34 ./Drivers/STM32F3xx_HAL_Driver/Src/stm32f3xx_hal_tim.o
 .ARM.attributes
                0x0000000000000317       0x34 ./Drivers/STM32F3xx_HAL_Driver/Src/stm32f3xx_hal_tim_ex.o
 .ARM.attributes
                0x000000000000034b       0x34 c:/st/stm32cubeide_1.8.0/stm32cubeide/plugins/com.st.stm32cube.ide.mcu.externaltools.gnu-tools-for-stm32.10.3-2021.10.win32_1.0.0.202111181127/tools/bin/../lib/gcc/arm-none-eabi/10.3.1/../../../../arm-none-eabi/lib/thumb/v7e-m+fp/hard\libc_nano.a(lib_a-init.o)
 .ARM.attributes
                0x000000000000037f       0x34 c:/st/stm32cubeide_1.8.0/stm32cubeide/plugins/com.st.stm32cube.ide.mcu.externaltools.gnu-tools-for-stm32.10.3-2021.10.win32_1.0.0.202111181127/tools/bin/../lib/gcc/arm-none-eabi/10.3.1/../../../../arm-none-eabi/lib/thumb/v7e-m+fp/hard\libc_nano.a(lib_a-memset.o)
 .ARM.attributes
                0x00000000000003b3       0x1e c:/st/stm32cubeide_1.8.0/stm32cubeide/plugins/com.st.stm32cube.ide.mcu.externaltools.gnu-tools-for-stm32.10.3-2021.10.win32_1.0.0.202111181127/tools/bin/../lib/gcc/arm-none-eabi/10.3.1/thumb/v7e-m+fp/hard/crtn.o
OUTPUT(PE2_Tank.elf elf32-littlearm)
LOAD linker stubs
LOAD c:/st/stm32cubeide_1.8.0/stm32cubeide/plugins/com.st.stm32cube.ide.mcu.externaltools.gnu-tools-for-stm32.10.3-2021.10.win32_1.0.0.202111181127/tools/bin/../lib/gcc/arm-none-eabi/10.3.1/../../../../arm-none-eabi/lib/thumb/v7e-m+fp/hard\libc.a
LOAD c:/st/stm32cubeide_1.8.0/stm32cubeide/plugins/com.st.stm32cube.ide.mcu.externaltools.gnu-tools-for-stm32.10.3-2021.10.win32_1.0.0.202111181127/tools/bin/../lib/gcc/arm-none-eabi/10.3.1/../../../../arm-none-eabi/lib/thumb/v7e-m+fp/hard\libm.a
LOAD c:/st/stm32cubeide_1.8.0/stm32cubeide/plugins/com.st.stm32cube.ide.mcu.externaltools.gnu-tools-for-stm32.10.3-2021.10.win32_1.0.0.202111181127/tools/bin/../lib/gcc/arm-none-eabi/10.3.1/thumb/v7e-m+fp/hard\libgcc.a

.debug_info     0x0000000000000000     0xeb7c
 .debug_info    0x0000000000000000      0xac2 ./Core/Src/NRF24L01+.o
 .debug_info    0x0000000000000ac2     0x1d9b ./Core/Src/main.o
 .debug_info    0x000000000000285d     0x1334 ./Core/Src/stm32f3xx_hal_msp.o
 .debug_info    0x0000000000003b91      0x79c ./Core/Src/stm32f3xx_it.o
 .debug_info    0x000000000000432d      0x416 ./Core/Src/system_stm32f3xx.o
 .debug_info    0x0000000000004743       0x22 ./Core/Startup/startup_stm32f301c8tx.o
 .debug_info    0x0000000000004765      0x771 ./Drivers/STM32F3xx_HAL_Driver/Src/stm32f3xx_hal.o
 .debug_info    0x0000000000004ed6     0x14a3 ./Drivers/STM32F3xx_HAL_Driver/Src/stm32f3xx_hal_adc_ex.o
 .debug_info    0x0000000000006379      0xb1a ./Drivers/STM32F3xx_HAL_Driver/Src/stm32f3xx_hal_cortex.o
 .debug_info    0x0000000000006e93      0x68a ./Drivers/STM32F3xx_HAL_Driver/Src/stm32f3xx_hal_gpio.o
 .debug_info    0x000000000000751d     0x1585 ./Drivers/STM32F3xx_HAL_Driver/Src/stm32f3xx_hal_rcc.o
 .debug_info    0x0000000000008aa2      0x5cb ./Drivers/STM32F3xx_HAL_Driver/Src/stm32f3xx_hal_rcc_ex.o
 .debug_info    0x000000000000906d     0x178c ./Drivers/STM32F3xx_HAL_Driver/Src/stm32f3xx_hal_spi.o
 .debug_info    0x000000000000a7f9     0x2cdb ./Drivers/STM32F3xx_HAL_Driver/Src/stm32f3xx_hal_tim.o
 .debug_info    0x000000000000d4d4     0x16a8 ./Drivers/STM32F3xx_HAL_Driver/Src/stm32f3xx_hal_tim_ex.o

.debug_abbrev   0x0000000000000000     0x1f66
 .debug_abbrev  0x0000000000000000      0x231 ./Core/Src/NRF24L01+.o
 .debug_abbrev  0x0000000000000231      0x2f0 ./Core/Src/main.o
 .debug_abbrev  0x0000000000000521      0x1ee ./Core/Src/stm32f3xx_hal_msp.o
 .debug_abbrev  0x000000000000070f      0x184 ./Core/Src/stm32f3xx_it.o
 .debug_abbrev  0x0000000000000893      0x116 ./Core/Src/system_stm32f3xx.o
 .debug_abbrev  0x00000000000009a9       0x12 ./Core/Startup/startup_stm32f301c8tx.o
 .debug_abbrev  0x00000000000009bb      0x23f ./Drivers/STM32F3xx_HAL_Driver/Src/stm32f3xx_hal.o
 .debug_abbrev  0x0000000000000bfa      0x27a ./Drivers/STM32F3xx_HAL_Driver/Src/stm32f3xx_hal_adc_ex.o
 .debug_abbrev  0x0000000000000e74      0x2ed ./Drivers/STM32F3xx_HAL_Driver/Src/stm32f3xx_hal_cortex.o
 .debug_abbrev  0x0000000000001161      0x1bb ./Drivers/STM32F3xx_HAL_Driver/Src/stm32f3xx_hal_gpio.o
 .debug_abbrev  0x000000000000131c      0x2f9 ./Drivers/STM32F3xx_HAL_Driver/Src/stm32f3xx_hal_rcc.o
 .debug_abbrev  0x0000000000001615      0x22d ./Drivers/STM32F3xx_HAL_Driver/Src/stm32f3xx_hal_rcc_ex.o
 .debug_abbrev  0x0000000000001842      0x254 ./Drivers/STM32F3xx_HAL_Driver/Src/stm32f3xx_hal_spi.o
 .debug_abbrev  0x0000000000001a96      0x264 ./Drivers/STM32F3xx_HAL_Driver/Src/stm32f3xx_hal_tim.o
 .debug_abbrev  0x0000000000001cfa      0x26c ./Drivers/STM32F3xx_HAL_Driver/Src/stm32f3xx_hal_tim_ex.o

.debug_aranges  0x0000000000000000      0xd90
 .debug_aranges
                0x0000000000000000       0x98 ./Core/Src/NRF24L01+.o
 .debug_aranges
                0x0000000000000098       0x70 ./Core/Src/main.o
 .debug_aranges
                0x0000000000000108       0x58 ./Core/Src/stm32f3xx_hal_msp.o
 .debug_aranges
                0x0000000000000160       0x78 ./Core/Src/stm32f3xx_it.o
 .debug_aranges
                0x00000000000001d8       0x28 ./Core/Src/system_stm32f3xx.o
 .debug_aranges
                0x0000000000000200       0x28 ./Core/Startup/startup_stm32f301c8tx.o
 .debug_aranges
                0x0000000000000228       0xe0 ./Drivers/STM32F3xx_HAL_Driver/Src/stm32f3xx_hal.o
 .debug_aranges
                0x0000000000000308      0x140 ./Drivers/STM32F3xx_HAL_Driver/Src/stm32f3xx_hal_adc_ex.o
 .debug_aranges
                0x0000000000000448      0x100 ./Drivers/STM32F3xx_HAL_Driver/Src/stm32f3xx_hal_cortex.o
 .debug_aranges
                0x0000000000000548       0x58 ./Drivers/STM32F3xx_HAL_Driver/Src/stm32f3xx_hal_gpio.o
 .debug_aranges
                0x00000000000005a0       0x88 ./Drivers/STM32F3xx_HAL_Driver/Src/stm32f3xx_hal_rcc.o
 .debug_aranges
                0x0000000000000628       0x38 ./Drivers/STM32F3xx_HAL_Driver/Src/stm32f3xx_hal_rcc_ex.o
 .debug_aranges
                0x0000000000000660      0x1d8 ./Drivers/STM32F3xx_HAL_Driver/Src/stm32f3xx_hal_spi.o
 .debug_aranges
                0x0000000000000838      0x3e0 ./Drivers/STM32F3xx_HAL_Driver/Src/stm32f3xx_hal_tim.o
 .debug_aranges
                0x0000000000000c18      0x178 ./Drivers/STM32F3xx_HAL_Driver/Src/stm32f3xx_hal_tim_ex.o

.debug_ranges   0x0000000000000000      0xca8
 .debug_ranges  0x0000000000000000       0x88 ./Core/Src/NRF24L01+.o
 .debug_ranges  0x0000000000000088       0x60 ./Core/Src/main.o
 .debug_ranges  0x00000000000000e8       0x48 ./Core/Src/stm32f3xx_hal_msp.o
 .debug_ranges  0x0000000000000130       0x68 ./Core/Src/stm32f3xx_it.o
 .debug_ranges  0x0000000000000198       0x18 ./Core/Src/system_stm32f3xx.o
 .debug_ranges  0x00000000000001b0       0x20 ./Core/Startup/startup_stm32f301c8tx.o
 .debug_ranges  0x00000000000001d0       0xd0 ./Drivers/STM32F3xx_HAL_Driver/Src/stm32f3xx_hal.o
 .debug_ranges  0x00000000000002a0      0x130 ./Drivers/STM32F3xx_HAL_Driver/Src/stm32f3xx_hal_adc_ex.o
 .debug_ranges  0x00000000000003d0       0xf0 ./Drivers/STM32F3xx_HAL_Driver/Src/stm32f3xx_hal_cortex.o
 .debug_ranges  0x00000000000004c0       0x48 ./Drivers/STM32F3xx_HAL_Driver/Src/stm32f3xx_hal_gpio.o
 .debug_ranges  0x0000000000000508       0x78 ./Drivers/STM32F3xx_HAL_Driver/Src/stm32f3xx_hal_rcc.o
 .debug_ranges  0x0000000000000580       0x28 ./Drivers/STM32F3xx_HAL_Driver/Src/stm32f3xx_hal_rcc_ex.o
 .debug_ranges  0x00000000000005a8      0x1c8 ./Drivers/STM32F3xx_HAL_Driver/Src/stm32f3xx_hal_spi.o
 .debug_ranges  0x0000000000000770      0x3d0 ./Drivers/STM32F3xx_HAL_Driver/Src/stm32f3xx_hal_tim.o
 .debug_ranges  0x0000000000000b40      0x168 ./Drivers/STM32F3xx_HAL_Driver/Src/stm32f3xx_hal_tim_ex.o

.debug_macro    0x0000000000000000    0x1582e
 .debug_macro   0x0000000000000000      0x204 ./Core/Src/NRF24L01+.o
 .debug_macro   0x0000000000000204      0xa78 ./Core/Src/NRF24L01+.o
 .debug_macro   0x0000000000000c7c      0x15d ./Core/Src/NRF24L01+.o
 .debug_macro   0x0000000000000dd9       0x2e ./Core/Src/NRF24L01+.o
 .debug_macro   0x0000000000000e07       0x28 ./Core/Src/NRF24L01+.o
 .debug_macro   0x0000000000000e2f       0x22 ./Core/Src/NRF24L01+.o
 .debug_macro   0x0000000000000e51       0x8e ./Core/Src/NRF24L01+.o
 .debug_macro   0x0000000000000edf       0x51 ./Core/Src/NRF24L01+.o
 .debug_macro   0x0000000000000f30      0x103 ./Core/Src/NRF24L01+.o
 .debug_macro   0x0000000000001033       0x6a ./Core/Src/NRF24L01+.o
 .debug_macro   0x000000000000109d      0x1df ./Core/Src/NRF24L01+.o
 .debug_macro   0x000000000000127c       0x1c ./Core/Src/NRF24L01+.o
 .debug_macro   0x0000000000001298       0x22 ./Core/Src/NRF24L01+.o
 .debug_macro   0x00000000000012ba       0xd9 ./Core/Src/NRF24L01+.o
 .debug_macro   0x0000000000001393      0xf07 ./Core/Src/NRF24L01+.o
 .debug_macro   0x000000000000229a     0xb11f ./Core/Src/NRF24L01+.o
 .debug_macro   0x000000000000d3b9       0x6d ./Core/Src/NRF24L01+.o
 .debug_macro   0x000000000000d426     0x3558 ./Core/Src/NRF24L01+.o
 .debug_macro   0x000000000001097e      0x174 ./Core/Src/NRF24L01+.o
 .debug_macro   0x0000000000010af2       0x55 ./Core/Src/NRF24L01+.o
 .debug_macro   0x0000000000010b47      0x8f8 ./Core/Src/NRF24L01+.o
 .debug_macro   0x000000000001143f      0x39d ./Core/Src/NRF24L01+.o
 .debug_macro   0x00000000000117dc      0x1b5 ./Core/Src/NRF24L01+.o
 .debug_macro   0x0000000000011991      0x153 ./Core/Src/NRF24L01+.o
 .debug_macro   0x0000000000011ae4      0x1d5 ./Core/Src/NRF24L01+.o
 .debug_macro   0x0000000000011cb9      0x1bc ./Core/Src/NRF24L01+.o
 .debug_macro   0x0000000000011e75       0x34 ./Core/Src/NRF24L01+.o
 .debug_macro   0x0000000000011ea9       0x3c ./Core/Src/NRF24L01+.o
 .debug_macro   0x0000000000011ee5       0x57 ./Core/Src/NRF24L01+.o
 .debug_macro   0x0000000000011f3c      0x7b9 ./Core/Src/NRF24L01+.o
 .debug_macro   0x00000000000126f5       0x77 ./Core/Src/NRF24L01+.o
 .debug_macro   0x000000000001276c       0xc5 ./Core/Src/NRF24L01+.o
 .debug_macro   0x0000000000012831      0x19f ./Core/Src/NRF24L01+.o
 .debug_macro   0x00000000000129d0      0x22c ./Core/Src/NRF24L01+.o
 .debug_macro   0x0000000000012bfc       0x5b ./Core/Src/NRF24L01+.o
 .debug_macro   0x0000000000012c57       0xa5 ./Core/Src/NRF24L01+.o
 .debug_macro   0x0000000000012cfc       0x81 ./Core/Src/NRF24L01+.o
 .debug_macro   0x0000000000012d7d       0xd3 ./Core/Src/NRF24L01+.o
 .debug_macro   0x0000000000012e50      0x2fe ./Core/Src/NRF24L01+.o
 .debug_macro   0x000000000001314e      0xa59 ./Core/Src/NRF24L01+.o
 .debug_macro   0x0000000000013ba7       0x41 ./Core/Src/NRF24L01+.o
 .debug_macro   0x0000000000013be8      0x1db ./Core/Src/NRF24L01+.o
 .debug_macro   0x0000000000013dc3       0xee ./Core/Src/NRF24L01+.o
 .debug_macro   0x0000000000013eb1      0x207 ./Core/Src/main.o
 .debug_macro   0x00000000000140b8       0x70 ./Core/Src/main.o
 .debug_macro   0x0000000000014128      0x1ec ./Core/Src/stm32f3xx_hal_msp.o
 .debug_macro   0x0000000000014314      0x1f6 ./Core/Src/stm32f3xx_it.o
 .debug_macro   0x000000000001450a      0x1dd ./Core/Src/system_stm32f3xx.o
 .debug_macro   0x00000000000146e7      0x201 ./Drivers/STM32F3xx_HAL_Driver/Src/stm32f3xx_hal.o
 .debug_macro   0x00000000000148e8      0x207 ./Drivers/STM32F3xx_HAL_Driver/Src/stm32f3xx_hal_adc_ex.o
 .debug_macro   0x0000000000014aef      0x1dd ./Drivers/STM32F3xx_HAL_Driver/Src/stm32f3xx_hal_cortex.o
 .debug_macro   0x0000000000014ccc      0x1e4 ./Drivers/STM32F3xx_HAL_Driver/Src/stm32f3xx_hal_gpio.o
 .debug_macro   0x0000000000014eb0      0x201 ./Drivers/STM32F3xx_HAL_Driver/Src/stm32f3xx_hal_rcc.o
 .debug_macro   0x00000000000150b1      0x1dd ./Drivers/STM32F3xx_HAL_Driver/Src/stm32f3xx_hal_rcc_ex.o
 .debug_macro   0x000000000001528e      0x1e5 ./Drivers/STM32F3xx_HAL_Driver/Src/stm32f3xx_hal_spi.o
 .debug_macro   0x0000000000015473      0x1de ./Drivers/STM32F3xx_HAL_Driver/Src/stm32f3xx_hal_tim.o
 .debug_macro   0x0000000000015651      0x1dd ./Drivers/STM32F3xx_HAL_Driver/Src/stm32f3xx_hal_tim_ex.o

.debug_line     0x0000000000000000    0x10020
 .debug_line    0x0000000000000000      0x958 ./Core/Src/NRF24L01+.o
 .debug_line    0x0000000000000958      0xe45 ./Core/Src/main.o
 .debug_line    0x000000000000179d      0x897 ./Core/Src/stm32f3xx_hal_msp.o
 .debug_line    0x0000000000002034      0x811 ./Core/Src/stm32f3xx_it.o
 .debug_line    0x0000000000002845      0x779 ./Core/Src/system_stm32f3xx.o
 .debug_line    0x0000000000002fbe       0x88 ./Core/Startup/startup_stm32f301c8tx.o
 .debug_line    0x0000000000003046      0x9ae ./Drivers/STM32F3xx_HAL_Driver/Src/stm32f3xx_hal.o
 .debug_line    0x00000000000039f4     0x1b95 ./Drivers/STM32F3xx_HAL_Driver/Src/stm32f3xx_hal_adc_ex.o
 .debug_line    0x0000000000005589      0xb96 ./Drivers/STM32F3xx_HAL_Driver/Src/stm32f3xx_hal_cortex.o
 .debug_line    0x000000000000611f      0xaf9 ./Drivers/STM32F3xx_HAL_Driver/Src/stm32f3xx_hal_gpio.o
 .debug_line    0x0000000000006c18     0x138b ./Drivers/STM32F3xx_HAL_Driver/Src/stm32f3xx_hal_rcc.o
 .debug_line    0x0000000000007fa3      0xbb6 ./Drivers/STM32F3xx_HAL_Driver/Src/stm32f3xx_hal_rcc_ex.o
 .debug_line    0x0000000000008b59     0x1f27 ./Drivers/STM32F3xx_HAL_Driver/Src/stm32f3xx_hal_spi.o
 .debug_line    0x000000000000aa80     0x3bac ./Drivers/STM32F3xx_HAL_Driver/Src/stm32f3xx_hal_tim.o
 .debug_line    0x000000000000e62c     0x19f4 ./Drivers/STM32F3xx_HAL_Driver/Src/stm32f3xx_hal_tim_ex.o

.debug_str      0x0000000000000000    0x88975
 .debug_str     0x0000000000000000    0x84c1a ./Core/Src/NRF24L01+.o
                                      0x84f06 (size before relaxing)
 .debug_str     0x0000000000084c1a     0x119d ./Core/Src/main.o
                                      0x860d7 (size before relaxing)
 .debug_str     0x0000000000085db7       0xd9 ./Core/Src/stm32f3xx_hal_msp.o
                                      0x855e5 (size before relaxing)
 .debug_str     0x0000000000085e90      0x11a ./Core/Src/stm32f3xx_it.o
                                      0x84e02 (size before relaxing)
 .debug_str     0x0000000000085faa       0xdf ./Core/Src/system_stm32f3xx.o
                                      0x84773 (size before relaxing)
 .debug_str     0x0000000000086089       0x36 ./Core/Startup/startup_stm32f301c8tx.o
                                         0x65 (size before relaxing)
 .debug_str     0x00000000000860bf      0x381 ./Drivers/STM32F3xx_HAL_Driver/Src/stm32f3xx_hal.o
                                      0x84e52 (size before relaxing)
 .debug_str     0x0000000000086440      0x7b7 ./Drivers/STM32F3xx_HAL_Driver/Src/stm32f3xx_hal_adc_ex.o
                                      0x85395 (size before relaxing)
 .debug_str     0x0000000000086bf7      0x218 ./Drivers/STM32F3xx_HAL_Driver/Src/stm32f3xx_hal_cortex.o
                                      0x84d77 (size before relaxing)
 .debug_str     0x0000000000086e0f      0x117 ./Drivers/STM32F3xx_HAL_Driver/Src/stm32f3xx_hal_gpio.o
                                      0x848e9 (size before relaxing)
 .debug_str     0x0000000000086f26      0x2d1 ./Drivers/STM32F3xx_HAL_Driver/Src/stm32f3xx_hal_rcc.o
                                      0x84c13 (size before relaxing)
 .debug_str     0x00000000000871f7       0xbe ./Drivers/STM32F3xx_HAL_Driver/Src/stm32f3xx_hal_rcc_ex.o
                                      0x84985 (size before relaxing)
 .debug_str     0x00000000000872b5      0x56c ./Drivers/STM32F3xx_HAL_Driver/Src/stm32f3xx_hal_spi.o
                                      0x85099 (size before relaxing)
 .debug_str     0x0000000000087821      0xd52 ./Drivers/STM32F3xx_HAL_Driver/Src/stm32f3xx_hal_tim.o
                                      0x85b9a (size before relaxing)
 .debug_str     0x0000000000088573      0x402 ./Drivers/STM32F3xx_HAL_Driver/Src/stm32f3xx_hal_tim_ex.o
                                      0x853f0 (size before relaxing)

.comment        0x0000000000000000       0x50
 .comment       0x0000000000000000       0x50 ./Core/Src/NRF24L01+.o
                                         0x51 (size before relaxing)
 .comment       0x0000000000000050       0x51 ./Core/Src/main.o
 .comment       0x0000000000000050       0x51 ./Core/Src/stm32f3xx_hal_msp.o
 .comment       0x0000000000000050       0x51 ./Core/Src/stm32f3xx_it.o
 .comment       0x0000000000000050       0x51 ./Core/Src/system_stm32f3xx.o
 .comment       0x0000000000000050       0x51 ./Drivers/STM32F3xx_HAL_Driver/Src/stm32f3xx_hal.o
 .comment       0x0000000000000050       0x51 ./Drivers/STM32F3xx_HAL_Driver/Src/stm32f3xx_hal_adc_ex.o
 .comment       0x0000000000000050       0x51 ./Drivers/STM32F3xx_HAL_Driver/Src/stm32f3xx_hal_cortex.o
 .comment       0x0000000000000050       0x51 ./Drivers/STM32F3xx_HAL_Driver/Src/stm32f3xx_hal_gpio.o
 .comment       0x0000000000000050       0x51 ./Drivers/STM32F3xx_HAL_Driver/Src/stm32f3xx_hal_rcc.o
 .comment       0x0000000000000050       0x51 ./Drivers/STM32F3xx_HAL_Driver/Src/stm32f3xx_hal_rcc_ex.o
 .comment       0x0000000000000050       0x51 ./Drivers/STM32F3xx_HAL_Driver/Src/stm32f3xx_hal_spi.o
 .comment       0x0000000000000050       0x51 ./Drivers/STM32F3xx_HAL_Driver/Src/stm32f3xx_hal_tim.o
 .comment       0x0000000000000050       0x51 ./Drivers/STM32F3xx_HAL_Driver/Src/stm32f3xx_hal_tim_ex.o

.debug_frame    0x0000000000000000     0x38bc
 .debug_frame   0x0000000000000000      0x228 ./Core/Src/NRF24L01+.o
 .debug_frame   0x0000000000000228      0x178 ./Core/Src/main.o
 .debug_frame   0x00000000000003a0      0x134 ./Core/Src/stm32f3xx_hal_msp.o
 .debug_frame   0x00000000000004d4      0x158 ./Core/Src/stm32f3xx_it.o
 .debug_frame   0x000000000000062c       0x58 ./Core/Src/system_stm32f3xx.o
 .debug_frame   0x0000000000000684      0x334 ./Drivers/STM32F3xx_HAL_Driver/Src/stm32f3xx_hal.o
 .debug_frame   0x00000000000009b8      0x57c ./Drivers/STM32F3xx_HAL_Driver/Src/stm32f3xx_hal_adc_ex.o
 .debug_frame   0x0000000000000f34      0x428 ./Drivers/STM32F3xx_HAL_Driver/Src/stm32f3xx_hal_cortex.o
 .debug_frame   0x000000000000135c      0x14c ./Drivers/STM32F3xx_HAL_Driver/Src/stm32f3xx_hal_gpio.o
 .debug_frame   0x00000000000014a8      0x214 ./Drivers/STM32F3xx_HAL_Driver/Src/stm32f3xx_hal_rcc.o
 .debug_frame   0x00000000000016bc       0xb0 ./Drivers/STM32F3xx_HAL_Driver/Src/stm32f3xx_hal_rcc_ex.o
 .debug_frame   0x000000000000176c      0x860 ./Drivers/STM32F3xx_HAL_Driver/Src/stm32f3xx_hal_spi.o
 .debug_frame   0x0000000000001fcc     0x121c ./Drivers/STM32F3xx_HAL_Driver/Src/stm32f3xx_hal_tim.o
 .debug_frame   0x00000000000031e8      0x688 ./Drivers/STM32F3xx_HAL_Driver/Src/stm32f3xx_hal_tim_ex.o
 .debug_frame   0x0000000000003870       0x2c c:/st/stm32cubeide_1.8.0/stm32cubeide/plugins/com.st.stm32cube.ide.mcu.externaltools.gnu-tools-for-stm32.10.3-2021.10.win32_1.0.0.202111181127/tools/bin/../lib/gcc/arm-none-eabi/10.3.1/../../../../arm-none-eabi/lib/thumb/v7e-m+fp/hard\libc_nano.a(lib_a-init.o)
 .debug_frame   0x000000000000389c       0x20 c:/st/stm32cubeide_1.8.0/stm32cubeide/plugins/com.st.stm32cube.ide.mcu.externaltools.gnu-tools-for-stm32.10.3-2021.10.win32_1.0.0.202111181127/tools/bin/../lib/gcc/arm-none-eabi/10.3.1/../../../../arm-none-eabi/lib/thumb/v7e-m+fp/hard\libc_nano.a(lib_a-memset.o)
