../Core/Src/main.c:133:6:processData	16	static
../Core/Src/main.c:149:6:adjustDutyCycle	8	static
../Core/Src/main.c:461:5:main	8	static
../Core/Src/main.c:541:6:SystemClock_Config	120	static
../Core/Src/main.c:589:13:MX_ADC1_Init	32	static
../Core/Src/main.c:646:13:MX_SPI3_Init	8	static
../Core/Src/main.c:686:13:MX_TIM1_Init	112	static
../Core/Src/main.c:778:13:MX_TIM2_Init	64	static
../Core/Src/main.c:837:13:MX_TIM15_Init	112	static
../Core/Src/main.c:917:13:MX_GPIO_Init	48	static
../Core/Src/main.c:973:6:Error_Handler	4	static,ignoring_inline_asm
