../Core/Src/NRF24L01+.c:18:6:CSN_Select	8	static
../Core/Src/NRF24L01+.c:23:6:CSN_UnSelect	8	static
../Core/Src/NRF24L01+.c:28:6:CE_Enable	8	static
../Core/Src/NRF24L01+.c:33:6:CE_Disable	8	static
../Core/Src/NRF24L01+.c:38:6:nrf24_WriteReg	24	static
../Core/Src/NRF24L01+.c:53:6:nrf24_WriteRegMulti	32	static
../Core/Src/NRF24L01+.c:69:9:nrf24_ReadReg	24	static
../Core/Src/NRF24L01+.c:84:6:nrf24_ReadRegMulti	24	static
../Core/Src/NRF24L01+.c:97:6:nrfsendCmd	16	static
../Core/Src/NRF24L01+.c:108:6:nrf24_reset	40	static
../Core/Src/NRF24L01+.c:153:6:NRF24_Init	8	static
../Core/Src/NRF24L01+.c:180:6:NRF24_TXMode	24	static
../Core/Src/NRF24L01+.c:199:9:NRF24_Transmit	24	static
../Core/Src/NRF24L01+.c:231:6:NRF24_RXMode	24	static
../Core/Src/NRF24L01+.c:254:9:isDataAvailable	24	static
../Core/Src/NRF24L01+.c:266:6:NRF24_Receive	24	static
